Microsoft (R) Macro Assembler Version 14.35.32216.1	    12/05/23 16:49:59
AsmFile.asm						     Page 1 - 1


				.586
				.MODEL FLAT, STDCALL
				includelib kernel32.lib

				ExitProcess PROTO : DWORD
				MessageBoxA PROTO : DWORD, : DWORD, : DWORD, : DWORD

				.STACK 4096

 00000000			.CONST

 00000000			.DATA

 = 00000000			MB_OK	EQU 0
 00000000 C4 E5 F1 E5 F0	STR1	DB "Десериализация", 0
	   E8 E0 EB E8 E7
	   E0 F6 E8 FF 00
 0000000F 00000000		HW		DD ?
 00000013 01			BOOLF	BYTE 1
 00000014 00000006		INTF	DWORD 6
 00000018 31 09 36 00		STRF	DB "1	6", 0

 00000000			.CODE

 00000000			main PROC

 00000000			START: 
					INVOKE MessageBoxA, HW, OFFSET STRF, OFFSET STR1, MB_OK
 00000017  6A 00			push 0
 00000019  E8 00000000 E		call ExitProcess
 0000001E			main ENDP
				end main
Microsoft (R) Macro Assembler Version 14.35.32216.1	    12/05/23 16:49:59
AsmFile.asm						     Symbols 2 - 1




Segments and Groups:

                N a m e                 Size     Length   Align   Combine Class

CONST  . . . . . . . . . . . . .	32 Bit	 00000000 Para	  Public  'CONST'	 ReadOnly
FLAT . . . . . . . . . . . . . .	GROUP
STACK  . . . . . . . . . . . . .	32 Bit	 00001000 Para	  Stack	  'STACK'	 
_DATA  . . . . . . . . . . . . .	32 Bit	 0000001C Para	  Public  'DATA'	
_TEXT  . . . . . . . . . . . . .	32 Bit	 0000001E Para	  Public  'CODE'	


Procedures, parameters, and locals:

                N a m e                 Type     Value    Attr

ExitProcess  . . . . . . . . . .	P Near	 00000000 FLAT	Length= 00000000 External STDCALL
MessageBoxA  . . . . . . . . . .	P Near	 00000000 FLAT	Length= 00000000 External STDCALL
main . . . . . . . . . . . . . .	P Near	 00000000 _TEXT	Length= 0000001E Public STDCALL
  START  . . . . . . . . . . . .	L Near	 00000000 _TEXT	


Symbols:

                N a m e                 Type     Value    Attr

@CodeSize  . . . . . . . . . . .	Number	 00000000h   
@DataSize  . . . . . . . . . . .	Number	 00000000h   
@Interface . . . . . . . . . . .	Number	 00000003h   
@Model . . . . . . . . . . . . .	Number	 00000007h   
@code  . . . . . . . . . . . . .	Text   	 _TEXT
@data  . . . . . . . . . . . . .	Text   	 FLAT
@fardata?  . . . . . . . . . . .	Text   	 FLAT
@fardata . . . . . . . . . . . .	Text   	 FLAT
@stack . . . . . . . . . . . . .	Text   	 FLAT
BOOLF  . . . . . . . . . . . . .	Byte	 00000013 _DATA	
HW . . . . . . . . . . . . . . .	DWord	 0000000F _DATA	
INTF . . . . . . . . . . . . . .	DWord	 00000014 _DATA	
MB_OK  . . . . . . . . . . . . .	Number	 00000000h   
STR1 . . . . . . . . . . . . . .	Byte	 00000000 _DATA	
STRF . . . . . . . . . . . . . .	Byte	 00000018 _DATA	

	   0 Warnings
	   0 Errors
